#-----------------------------------------------------------
# Vivado v2020.2 (64-bit)
# SW Build 3064766 on Wed Nov 18 09:12:45 MST 2020
# IP Build 3064653 on Wed Nov 18 14:17:31 MST 2020
# Start of session at: Thu Aug 25 12:53:22 2022
# Process ID: 13940
# Current directory: C:/Users/Win10Admin/GithubRepositories/I-DNN/I-DNN/vivado/I-DNN
# Command line: vivado.exe -gui_launcher_event rodinguilauncherevent12176 C:\Users\Win10Admin\GithubRepositories\I-DNN\I-DNN\vivado\I-DNN\I-DNN.xpr
# Log file: C:/Users/Win10Admin/GithubRepositories/I-DNN/I-DNN/vivado/I-DNN/vivado.log
# Journal file: C:/Users/Win10Admin/GithubRepositories/I-DNN/I-DNN/vivado/I-DNN\vivado.jou
#-----------------------------------------------------------
start_gui
open_project C:/Users/Win10Admin/GithubRepositories/I-DNN/I-DNN/vivado/I-DNN/I-DNN.xpr
launch_simulation
launch_simulation
launch_simulation
launch_simulation
launch_simulation
open_wave_config C:/Users/Win10Admin/GithubRepositories/I-DNN/I-DNN/vivado/I-DNN/test_sfixed_tb_behav.wcfg
open_wave_config C:/Users/Win10Admin/GithubRepositories/I-DNN/I-DNN/vivado/I-DNN/SOFTMAX_tb_behav.wcfg
source I_DNN_tb.tcl
export_ip_user_files -of_objects  [get_files C:/Users/Win10Admin/GithubRepositories/I-DNN/I-DNN/vivado/I-DNN/test_sfixed_tb_behav.wcfg] -no_script -reset -force -quiet
remove_files  -fileset sim_1 C:/Users/Win10Admin/GithubRepositories/I-DNN/I-DNN/vivado/I-DNN/test_sfixed_tb_behav.wcfg
export_ip_user_files -of_objects  [get_files C:/Users/Win10Admin/GithubRepositories/I-DNN/I-DNN/vivado/I-DNN/SOFTMAX_tb_behav.wcfg] -no_script -reset -force -quiet
remove_files  -fileset sim_1 C:/Users/Win10Admin/GithubRepositories/I-DNN/I-DNN/vivado/I-DNN/SOFTMAX_tb_behav.wcfg
open_wave_config {C:/Users/Win10Admin/GithubRepositories/I-DNN/I-DNN/vivado/I-DNN/I_DNN_tb_behav.wcfg}
current_wave_config {I_DNN_tb_behav.wcfg}
add_wave {{/I_DNN_tb/I_DNN_cmp/power_state_en_layer1}} {{/I_DNN_tb/I_DNN_cmp/power_state_en_layer2}} {{/I_DNN_tb/I_DNN_cmp/power_state_en_layer3}} {{/I_DNN_tb/I_DNN_cmp/power_state_en_nvreg1}} {{/I_DNN_tb/I_DNN_cmp/power_state_en_nvreg2}} {{/I_DNN_tb/I_DNN_cmp/power_state_en_nvreg3}} {{/I_DNN_tb/I_DNN_cmp/power_state_en_softmax}} 
current_wave_config {I_DNN_tb_behav.wcfg}
add_wave {{/I_DNN_tb/I_DNN_cmp/power_state_en_layer1}} {{/I_DNN_tb/I_DNN_cmp/power_counter_val_layer1}} {{/I_DNN_tb/I_DNN_cmp/power_state_en_layer2}} {{/I_DNN_tb/I_DNN_cmp/power_counter_val_layer2}} {{/I_DNN_tb/I_DNN_cmp/power_state_en_layer3}} {{/I_DNN_tb/I_DNN_cmp/power_counter_val_layer3}} {{/I_DNN_tb/I_DNN_cmp/power_state_en_nvreg1}} {{/I_DNN_tb/I_DNN_cmp/power_counter_val_nvreg1}} {{/I_DNN_tb/I_DNN_cmp/power_state_en_nvreg2}} {{/I_DNN_tb/I_DNN_cmp/power_counter_val_nvreg2}} {{/I_DNN_tb/I_DNN_cmp/power_state_en_nvreg3}} {{/I_DNN_tb/I_DNN_cmp/power_counter_val_nvreg3}} {{/I_DNN_tb/I_DNN_cmp/power_state_en_softmax}} {{/I_DNN_tb/I_DNN_cmp/power_counter_val_softmax}} 
run 3000 ns
run 3000 ns
run 3000 ns
run 3000 ns
save_wave_config {C:/Users/Win10Admin/GithubRepositories/I-DNN/I-DNN/vivado/I-DNN/I_DNN_tb_behav.wcfg}
close_sim
